[    0.000000] Linux version 4.15.0-192-generic (buildd@lcy02-amd64-029) (gcc version 7.5.0 (Ubuntu 7.5.0-3ubuntu1~18.04)) #203-Ubuntu SMP Wed Aug 10 17:40:03 UTC 2022 (Ubuntu 4.15.0-192.203-generic 4.15.18)
[    0.000000] Command line: BOOT_IMAGE=/boot/vmlinuz-4.15.0-192-generic root=LABEL=cloudimg-rootfs ro console=tty1 console=ttyS0
[    0.000000] KERNEL supported cpus:
[    0.000000]   Intel GenuineIntel
[    0.000000]   AMD AuthenticAMD
[    0.000000]   Centaur CentaurHauls
[    0.000000] x86/fpu: Supporting XSAVE feature 0x001: 'x87 floating point registers'
[    0.000000] x86/fpu: Supporting XSAVE feature 0x002: 'SSE registers'
[    0.000000] x86/fpu: Supporting XSAVE feature 0x004: 'AVX registers'
[    0.000000] x86/fpu: xstate_offset[2]:  576, xstate_sizes[2]:  256
[    0.000000] x86/fpu: Enabled xstate features 0x7, context size is 832 bytes, using 'standard' format.
[    0.000000] e820: BIOS-provided physical RAM map:
[    0.000000] BIOS-e820: [mem 0x0000000000000000-0x000000000009fbff] usable
[    0.000000] BIOS-e820: [mem 0x000000000009fc00-0x000000000009ffff] reserved
[    0.000000] BIOS-e820: [mem 0x00000000000f0000-0x00000000000fffff] reserved
[    0.000000] BIOS-e820: [mem 0x0000000000100000-0x000000003ffeffff] usable
[    0.000000] BIOS-e820: [mem 0x000000003fff0000-0x000000003fffffff] ACPI data
[    0.000000] BIOS-e820: [mem 0x00000000fec00000-0x00000000fec00fff] reserved
[    0.000000] BIOS-e820: [mem 0x00000000fee00000-0x00000000fee00fff] reserved
[    0.000000] BIOS-e820: [mem 0x00000000fffc0000-0x00000000ffffffff] reserved
[    0.000000] NX (Execute Disable) protection: active
[    0.000000] SMBIOS 2.5 present.
[    0.000000] DMI: innotek GmbH VirtualBox/VirtualBox, BIOS VirtualBox 12/01/2006
[    0.000000] Hypervisor detected: KVM
[    0.000000] e820: last_pfn = 0x3fff0 max_arch_pfn = 0x400000000
[    0.000000] MTRR: Disabled
[    0.000000] x86/PAT: MTRRs disabled, skipping PAT initialization too.
[    0.000000] CPU MTRRs all blank - virtualized system.
[    0.000000] x86/PAT: Configuration [0-7]: WB  WT  UC- UC  WB  WT  UC- UC  
[    0.000000] found SMP MP-table at [mem 0x0009fff0-0x0009ffff]
[    0.000000] Scanning 1 areas for low memory corruption
[    0.000000] RAMDISK: [mem 0x359cb000-0x36cdcfff]
[    0.000000] ACPI: Early table checksum verification disabled
[    0.000000] ACPI: RSDP 0x00000000000E0000 000024 (v02 VBOX  )
[    0.000000] ACPI: XSDT 0x000000003FFF0030 00003C (v01 VBOX   VBOXXSDT 00000001 ASL  00000061)
[    0.000000] ACPI: FACP 0x000000003FFF00F0 0000F4 (v04 VBOX   VBOXFACP 00000001 ASL  00000061)
[    0.000000] ACPI: DSDT 0x000000003FFF0470 0022EA (v02 VBOX   VBOXBIOS 00000002 INTL 20100528)
[    0.000000] ACPI: FACS 0x000000003FFF0200 000040
[    0.000000] ACPI: FACS 0x000000003FFF0200 000040
[    0.000000] ACPI: APIC 0x000000003FFF0240 000054 (v02 VBOX   VBOXAPIC 00000001 ASL  00000061)
[    0.000000] ACPI: SSDT 0x000000003FFF02A0 0001CC (v01 VBOX   VBOXCPUT 00000002 INTL 20100528)
[    0.000000] ACPI: Reserving FACP table memory at [mem 0x3fff00f0-0x3fff01e3]
[    0.000000] ACPI: Reserving DSDT table memory at [mem 0x3fff0470-0x3fff2759]
[    0.000000] ACPI: Reserving FACS table memory at [mem 0x3fff0200-0x3fff023f]
[    0.000000] ACPI: Reserving FACS table memory at [mem 0x3fff0200-0x3fff023f]
[    0.000000] ACPI: Reserving APIC table memory at [mem 0x3fff0240-0x3fff0293]
[    0.000000] ACPI: Reserving SSDT table memory at [mem 0x3fff02a0-0x3fff046b]
[    0.000000] No NUMA configuration found
[    0.000000] Faking a node at [mem 0x0000000000000000-0x000000003ffeffff]
[    0.000000] NODE_DATA(0) allocated [mem 0x3ffc5000-0x3ffeffff]
[    0.000000] kvm-clock: cpu 0, msr 0:3ff44001, primary cpu clock
[    0.000000] kvm-clock: Using msrs 4b564d01 and 4b564d00
[    0.000000] kvm-clock: using sched offset of 4079493374 cycles
[    0.000000] clocksource: kvm-clock: mask: 0xffffffffffffffff max_cycles: 0x1cd42e4dffb, max_idle_ns: 881590591483 ns
[    0.000000] Zone ranges:
[    0.000000]   DMA      [mem 0x0000000000001000-0x0000000000ffffff]
[    0.000000]   DMA32    [mem 0x0000000001000000-0x000000003ffeffff]
[    0.000000]   Normal   empty
[    0.000000]   Device   empty
[    0.000000] Movable zone start for each node
[    0.000000] Early memory node ranges
[    0.000000]   node   0: [mem 0x0000000000001000-0x000000000009efff]
[    0.000000]   node   0: [mem 0x0000000000100000-0x000000003ffeffff]
[    0.000000] Reserved but unavailable: 104 pages
[    0.000000] Initmem setup node 0 [mem 0x0000000000001000-0x000000003ffeffff]
[    0.000000] ACPI: PM-Timer IO Port: 0x4008
[    0.000000] IOAPIC[0]: apic_id 1, version 32, address 0xfec00000, GSI 0-23
[    0.000000] ACPI: INT_SRC_OVR (bus 0 bus_irq 0 global_irq 2 dfl dfl)
[    0.000000] ACPI: INT_SRC_OVR (bus 0 bus_irq 9 global_irq 9 low level)
[    0.000000] Using ACPI (MADT) for SMP configuration information
[    0.000000] smpboot: Allowing 1 CPUs, 0 hotplug CPUs
[    0.000000] PM: Registered nosave memory: [mem 0x00000000-0x00000fff]
[    0.000000] PM: Registered nosave memory: [mem 0x0009f000-0x0009ffff]
[    0.000000] PM: Registered nosave memory: [mem 0x000a0000-0x000effff]
[    0.000000] PM: Registered nosave memory: [mem 0x000f0000-0x000fffff]
[    0.000000] e820: [mem 0x40000000-0xfebfffff] available for PCI devices
[    0.000000] Booting paravirtualized kernel on KVM
[    0.000000] clocksource: refined-jiffies: mask: 0xffffffff max_cycles: 0xffffffff, max_idle_ns: 7645519600211568 ns
[    0.000000] random: get_random_bytes called from start_kernel+0x99/0x500 with crng_init=0
[    0.000000] setup_percpu: NR_CPUS:8192 nr_cpumask_bits:1 nr_cpu_ids:1 nr_node_ids:1
[    0.000000] percpu: Embedded 50 pages/cpu s167936 r8192 d28672 u2097152
[    0.000000] PV qspinlock hash table entries: 256 (order: 0, 4096 bytes)
[    0.000000] Built 1 zonelists, mobility grouping on.  Total pages: 257913
[    0.000000] Policy zone: DMA32
[    0.000000] Kernel command line: BOOT_IMAGE=/boot/vmlinuz-4.15.0-192-generic root=LABEL=cloudimg-rootfs ro console=tty1 console=ttyS0
[    0.000000] Memory: 982848K/1048120K available (12300K kernel code, 2484K rwdata, 4324K rodata, 2468K init, 2724K bss, 65272K reserved, 0K cma-reserved)
[    0.000000] SLUB: HWalign=64, Order=0-3, MinObjects=0, CPUs=1, Nodes=1
[    0.000000] Kernel/User page tables isolation: enabled
[    0.000000] ftrace: allocating 39482 entries in 155 pages
[    0.004000] Hierarchical RCU implementation.
[    0.004000] 	RCU restricting CPUs from NR_CPUS=8192 to nr_cpu_ids=1.
[    0.004000] 	Tasks RCU enabled.
[    0.004000] RCU: Adjusting geometry for rcu_fanout_leaf=16, nr_cpu_ids=1
[    0.004000] NR_IRQS: 524544, nr_irqs: 256, preallocated irqs: 16
[    0.004000] Console: colour VGA+ 80x25
[    0.004000] console [tty1] enabled
[    0.004000] console [ttyS0] enabled
[    0.004000] ACPI: Core revision 20170831
[    0.004000] ACPI: 2 ACPI AML tables successfully acquired and loaded
[    0.004000] APIC: Switch to symmetric I/O mode setup
[    0.004000] x2apic enabled
[    0.004000] Switched APIC routing to physical x2apic.
[    0.004000] ..TIMER: vector=0x30 apic1=0 pin1=2 apic2=-1 pin2=-1
[    0.004004] tsc: Detected 2904.004 MHz processor
[    0.005146] Calibrating delay loop (skipped) preset value.. 5808.00 BogoMIPS (lpj=11616016)
[    0.008003] pid_max: default: 32768 minimum: 301
[    0.008854] Security Framework initialized
[    0.009594] Yama: becoming mindful.
[    0.010263] AppArmor: AppArmor initialized
[    0.019321] Dentry cache hash table entries: 131072 (order: 8, 1048576 bytes)
[    0.020075] Inode-cache hash table entries: 65536 (order: 7, 524288 bytes)
[    0.021282] Mount-cache hash table entries: 2048 (order: 2, 16384 bytes)
[    0.022477] Mountpoint-cache hash table entries: 2048 (order: 2, 16384 bytes)
[    0.024331] process: using mwait in idle threads
[    0.025695] Last level iTLB entries: 4KB 64, 2MB 8, 4MB 8
[    0.027060] Last level dTLB entries: 4KB 64, 2MB 0, 4MB 0, 1GB 4
[    0.028006] Spectre V1 : Mitigation: usercopy/swapgs barriers and __user pointer sanitization
[    0.030220] Spectre V2 : Mitigation: Retpolines
[    0.032002] Spectre V2 : Spectre v2 / SpectreRSB mitigation: Filling RSB on context switch
[    0.033958] Speculative Store Bypass: Vulnerable
[    0.034888] MDS: Mitigation: Clear CPU buffers
[    0.036002] MMIO Stale Data: Mitigation: Clear CPU buffers
[    0.036982] SRBDS: Unknown: Dependent on hypervisor status
[    0.064000] Freeing SMP alternatives memory: 36K
[    0.175448] smpboot: CPU0: Intel(R) Core(TM) i7-7500U CPU @ 2.70GHz (family: 0x6, model: 0x8e, stepping: 0x9)
[    0.176000] Performance Events: unsupported p6 CPU model 142 no PMU driver, software events only.
[    0.176062] Hierarchical SRCU implementation.
[    0.177418] NMI watchdog: Perf event create on CPU 0 failed with -2
[    0.178551] NMI watchdog: Perf NMI watchdog permanently disabled
[    0.180031] smp: Bringing up secondary CPUs ...
[    0.180919] smp: Brought up 1 node, 1 CPU
[    0.181681] smpboot: Max logical packages: 1
[    0.182484] smpboot: Total of 1 processors activated (5808.00 BogoMIPS)
[    0.184102] devtmpfs: initialized
[    0.184798] x86/mm: Memory block size: 128MB
[    0.185759] evm: security.selinux
[    0.186385] evm: security.SMACK64
[    0.187032] evm: security.SMACK64EXEC
[    0.188003] evm: security.SMACK64TRANSMUTE
[    0.188743] evm: security.SMACK64MMAP
[    0.189424] evm: security.apparmor
[    0.190042] evm: security.ima
[    0.190610] evm: security.capability
[    0.192138] clocksource: jiffies: mask: 0xffffffff max_cycles: 0xffffffff, max_idle_ns: 7645041785100000 ns
[    0.194030] futex hash table entries: 256 (order: 2, 16384 bytes)
[    0.195153] pinctrl core: initialized pinctrl subsystem
[    0.196028] RTC time: 21:16:30, date: 09/16/22
[    0.197255] NET: Registered protocol family 16
[    0.198504] audit: initializing netlink subsys (disabled)
[    0.200000] cpuidle: using governor ladder
[    0.200011] cpuidle: using governor menu
[    0.200810] ACPI: bus type PCI registered
[    0.204074] acpiphp: ACPI Hot Plug PCI Controller Driver version: 0.5
[    0.207644] audit: type=2000 audit(1663362996.248:1): state=initialized audit_enabled=0 res=1
[    0.208116] PCI: Using configuration type 1 for base access
[    0.212063] HugeTLB registered 2.00 MiB page size, pre-allocated 0 pages
[    0.216000] ACPI: Added _OSI(Module Device)
[    0.216005] ACPI: Added _OSI(Processor Device)
[    0.216838] ACPI: Added _OSI(3.0 _SCP Extensions)
[    0.217742] ACPI: Added _OSI(Processor Aggregator Device)
[    0.220011] ACPI: Added _OSI(Linux-Dell-Video)
[    0.221332] ACPI: Added _OSI(Linux-Lenovo-NV-HDMI-Audio)
[    0.222713] ACPI: Added _OSI(Linux-HPI-Hybrid-Graphics)
[    0.228213] ACPI: Executed 1 blocks of module-level executable AML code
[    0.234389] ACPI: Interpreter enabled
[    0.235280] ACPI: (supports S0 S5)
[    0.235974] ACPI: Using IOAPIC for interrupt routing
[    0.236298] PCI: Using host bridge windows from ACPI; if necessary, use "pci=nocrs" and report a bug
[    0.238123] ACPI: Enabled 2 GPEs in block 00 to 07
[    0.246426] ACPI: PCI Root Bridge [PCI0] (domain 0000 [bus 00-ff])
[    0.247578] acpi PNP0A03:00: _OSC: OS supports [ASPM ClockPM Segments MSI]
[    0.248595] acpi PNP0A03:00: _OSC: not requesting OS control; OS requires [ExtendedConfig ASPM ClockPM MSI]
[    0.250259] acpi PNP0A03:00: fail to add MMCONFIG information, can't access extended PCI configuration space under this bridge.
[    0.252362] PCI host bridge to bus 0000:00
[    0.253145] pci_bus 0000:00: root bus resource [io  0x0000-0x0cf7 window]
[    0.254362] pci_bus 0000:00: root bus resource [io  0x0d00-0xffff window]
[    0.256003] pci_bus 0000:00: root bus resource [mem 0x000a0000-0x000bffff window]
[    0.260232] pci_bus 0000:00: root bus resource [mem 0x40000000-0xfdffffff window]
[    0.264006] pci_bus 0000:00: root bus resource [bus 00-ff]
[    0.270067] pci 0000:00:01.1: legacy IDE quirk: reg 0x10: [io  0x01f0-0x01f7]
[    0.272009] pci 0000:00:01.1: legacy IDE quirk: reg 0x14: [io  0x03f6]
[    0.273274] pci 0000:00:01.1: legacy IDE quirk: reg 0x18: [io  0x0170-0x0177]
[    0.276006] pci 0000:00:01.1: legacy IDE quirk: reg 0x1c: [io  0x0376]
[    0.293441] pci 0000:00:07.0: quirk: [io  0x4000-0x403f] claimed by PIIX4 ACPI
[    0.295579] pci 0000:00:07.0: quirk: [io  0x4100-0x410f] claimed by PIIX4 SMB
[    0.306155] ACPI: PCI Interrupt Link [LNKA] (IRQs 5 9 10 *11)
[    0.308105] ACPI: PCI Interrupt Link [LNKB] (IRQs 5 9 *10 11)
[    0.309681] ACPI: PCI Interrupt Link [LNKC] (IRQs 5 *9 10 11)
[    0.311551] ACPI: PCI Interrupt Link [LNKD] (IRQs 5 9 10 *11)
[    0.312395] SCSI subsystem initialized
[    0.313441] pci 0000:00:02.0: vgaarb: setting as boot VGA device
[    0.314728] pci 0000:00:02.0: vgaarb: VGA device added: decodes=io+mem,owns=io+mem,locks=none
[    0.316007] pci 0000:00:02.0: vgaarb: bridge control possible
[    0.317048] vgaarb: loaded
[    0.317613] ACPI: bus type USB registered
[    0.320022] usbcore: registered new interface driver usbfs
[    0.321066] usbcore: registered new interface driver hub
[    0.322052] usbcore: registered new device driver usb
[    0.323043] EDAC MC: Ver: 3.0.0
[    0.324262] PCI: Using ACPI for IRQ routing
[    0.326434] NetLabel: Initializing
[    0.327491] NetLabel:  domain hash size = 128
[    0.328004] NetLabel:  protocols = UNLABELED CIPSOv4 CALIPSO
[    0.329540] NetLabel:  unlabeled traffic allowed by default
[    0.334259] clocksource: Switched to clocksource kvm-clock
[    0.358490] VFS: Disk quotas dquot_6.6.0
[    0.359270] VFS: Dquot-cache hash table entries: 512 (order 0, 4096 bytes)
[    0.360572] AppArmor: AppArmor Filesystem Enabled
[    0.361590] pnp: PnP ACPI init
[    0.363936] pnp: PnP ACPI: found 3 devices
[    0.370786] clocksource: acpi_pm: mask: 0xffffff max_cycles: 0xffffff, max_idle_ns: 2085701024 ns
[    0.372455] NET: Registered protocol family 2
[    0.373450] IP idents hash table entries: 16384 (order: 5, 131072 bytes)
[    0.375168] TCP established hash table entries: 8192 (order: 4, 65536 bytes)
[    0.377291] TCP bind hash table entries: 8192 (order: 5, 131072 bytes)
[    0.378880] TCP: Hash tables configured (established 8192 bind 8192)
[    0.380527] UDP hash table entries: 512 (order: 2, 16384 bytes)
[    0.381611] UDP-Lite hash table entries: 512 (order: 2, 16384 bytes)
[    0.382754] NET: Registered protocol family 1
[    0.385991] pci 0000:00:00.0: Limiting direct PCI/PCI transfers
[    0.388971] pci 0000:00:01.0: Activating ISA DMA hang workarounds
[    0.393002] pci 0000:00:02.0: Video device with shadowed ROM at [mem 0x000c0000-0x000dffff]
[    0.394908] Unpacking initramfs...
[    0.769662] Freeing initrd memory: 19528K
[    0.770712] clocksource: tsc: mask: 0xffffffffffffffff max_cycles: 0x29dc09beef1, max_idle_ns: 440795310252 ns
[    0.773128] platform rtc_cmos: registered platform RTC device (no PNP device found)
[    0.774798] Scanning for low memory corruption every 60 seconds
[    0.776441] Initialise system trusted keyrings
[    0.777544] Key type blacklist registered
[    0.778330] workingset: timestamp_bits=36 max_order=18 bucket_order=0
[    0.781213] zbud: loaded
[    0.782194] squashfs: version 4.0 (2009/01/31) Phillip Lougher
[    0.783358] fuse init (API version 7.26)
[    0.784717] Key type asymmetric registered
[    0.785502] Asymmetric key parser 'x509' registered
[    0.786405] Block layer SCSI generic (bsg) driver version 0.4 loaded (major 246)
[    0.787793] io scheduler noop registered
[    0.788537] io scheduler deadline registered
[    0.789384] io scheduler cfq registered (default)
[    0.799626] ACPI: AC Adapter [AC] (on-line)
[    0.803450] input: Power Button as /devices/LNXSYSTM:00/LNXPWRBN:00/input/input0
[    0.806892] ACPI: Power Button [PWRF]
[    0.808239] input: Sleep Button as /devices/LNXSYSTM:00/LNXSLPBN:00/input/input1
[    0.809865] ACPI: Sleep Button [SLPF]
[    0.811895] ACPI: Battery Slot [BAT0] (battery present)
[    0.813192] Serial: 8250/16550 driver, 32 ports, IRQ sharing enabled
[    0.835570] 00:02: ttyS0 at I/O 0x3f8 (irq = 4, base_baud = 115200) is a 16550A
[    0.838217] Linux agpgart interface v0.103
[    0.839890] loop: module loaded
[    0.841143] scsi host0: ata_piix
[    0.841847] scsi host1: ata_piix
[    0.842489] ata1: PATA max UDMA/33 cmd 0x1f0 ctl 0x3f6 bmdma 0xd000 irq 14
[    0.843684] ata2: PATA max UDMA/33 cmd 0x170 ctl 0x376 bmdma 0xd008 irq 15
[    0.849962] tun: Universal TUN/TAP device driver, 1.6
[    0.851937] PPP generic driver version 2.4.2
[    0.852801] ehci_hcd: USB 2.0 'Enhanced' Host Controller (EHCI) Driver
[    0.854026] ehci-pci: EHCI PCI platform driver
[    0.854826] ehci-platform: EHCI generic platform driver
[    0.855945] ohci_hcd: USB 1.1 'Open' Host Controller (OHCI) Driver
[    0.857845] ohci-pci: OHCI PCI platform driver
[    0.858807] ohci-platform: OHCI generic platform driver
[    0.859786] uhci_hcd: USB Universal Host Controller Interface driver
[    0.860997] i8042: PNP: PS/2 Controller [PNP0303:PS2K,PNP0f03:PS2M] at 0x60,0x64 irq 1,12
[    0.862978] serio: i8042 KBD port at 0x60,0x64 irq 1
[    0.863908] serio: i8042 AUX port at 0x60,0x64 irq 12
[    0.864921] mousedev: PS/2 mouse device common for all mice
[    0.866292] input: AT Translated Set 2 keyboard as /devices/platform/i8042/serio0/input/input2
[    0.868581] rtc_cmos rtc_cmos: rtc core: registered rtc_cmos as rtc0
[    0.870038] rtc_cmos rtc_cmos: alarms up to one day, 114 bytes nvram
[    0.871393] i2c /dev entries driver
[    0.872186] device-mapper: uevent: version 1.0.3
[    0.873185] device-mapper: ioctl: 4.37.0-ioctl (2017-09-20) initialised: dm-devel@redhat.com
[    0.875103] ledtrig-cpu: registered to indicate activity on CPUs
[    0.876955] intel_pmc_core:  initialized
[    0.878191] NET: Registered protocol family 10
[    0.882507] Segment Routing with IPv6
[    0.883370] NET: Registered protocol family 17
[    0.884424] Key type dns_resolver registered
[    0.885468] mce: Using 0 MCE banks
[    0.886237] RAS: Correctable Errors collector initialized.
[    0.887500] sched_clock: Marking stable (884365422, 0)->(1078518870, -194153448)
[    0.889296] registered taskstats version 1
[    0.891061] Loading compiled-in X.509 certificates
[    0.894338] Loaded X.509 cert 'Build time autogenerated kernel key: af04d57e94487e4500da7630f19b69a59e91d95a'
[    0.897420] Loaded X.509 cert 'Canonical Ltd. Live Patch Signing: 14df34d1a87cf37625abec039ef2bf521249b969'
[    0.899761] Loaded X.509 cert 'Canonical Ltd. Kernel Module Signing: 88f752e560a1e0737e31163a466ad7b70a850c19'
[    0.901590] blacklist: Loading compiled-in revocation X.509 certificates
[    0.902827] Loaded X.509 cert 'Canonical Ltd. Secure Boot Signing: 61482aa2830d0ab2ad5af10b7250da9033ddcef0'
[    0.904610] zswap: loaded using pool lzo/zbud
[    0.908941] Key type big_key registered
[    0.909728] Key type trusted registered
[    0.911612] Key type encrypted registered
[    0.912401] AppArmor: AppArmor sha1 policy hashing enabled
[    0.913378] ima: No TPM chip found, activating TPM-bypass! (rc=-19)
[    0.914742] ima: Allocated hash algorithm: sha1
[    0.915756] evm: HMAC attrs: 0x1
[    0.916864]   Magic number: 6:170:298
[    0.917784] rtc_cmos rtc_cmos: setting system clock to 2022-09-16 21:16:31 UTC (1663362991)
[    0.919844] BIOS EDD facility v0.16 2004-Jun-25, 0 devices found
[    0.920896] EDD information not available.
[    1.010006] Freeing unused kernel image memory: 2468K
[    1.020017] Write protecting the kernel read-only data: 20480k
[    1.021413] Freeing unused kernel image memory: 2008K
[    1.022541] Freeing unused kernel image memory: 1820K
[    1.031780] x86/mm: Checked W+X mappings: passed, no W+X pages found.
[    1.032962] x86/mm: Checking user space page tables
[    1.041925] x86/mm: Checked W+X mappings: passed, no W+X pages found.
Loading, please wait...
starting version 237
[    1.155891] Fusion MPT base driver 3.04.20
[    1.156765] Copyright (c) 1999-2008 LSI Corporation
[    1.161159] e1000: Intel(R) PRO/1000 Network Driver - version 7.3.21-k8-NAPI
[    1.163241] e1000: Copyright (c) 1999-2006 Intel Corporation.
[    1.173125] Fusion MPT SPI Host driver 3.04.20
[    1.191886] mptbase: ioc0: Initiating bringup
[    1.207027] AVX2 version of gcm_enc/dec engaged.
[    1.208518] AES CTR mode by8 optimization enabled
[    1.288571] ioc0: LSI53C1030 A0: Capabilities={Initiator}
[    1.374035] input: ImExPS/2 Generic Explorer Mouse as /devices/platform/i8042/serio1/input/input4
[    1.533494] scsi host2: ioc0: LSI53C1030 A0, FwRev=00000000h, Ports=1, MaxQ=256, IRQ=20
[    1.700652] scsi 2:0:0:0: Direct-Access     VBOX     HARDDISK         1.0  PQ: 0 ANSI: 5
[    1.702818] scsi target2:0:0: Beginning Domain Validation
[    1.710008] random: fast init done
[    1.710929] scsi target2:0:0: Domain Validation skipping write tests
[    1.712057] scsi target2:0:0: Ending Domain Validation
[    1.713093] scsi target2:0:0: asynchronous
[    1.714466] scsi 2:0:1:0: Direct-Access     VBOX     HARDDISK         1.0  PQ: 0 ANSI: 5
[    1.718862] scsi target2:0:1: Beginning Domain Validation
[    1.725704] scsi target2:0:1: Domain Validation skipping write tests
[    1.727310] scsi target2:0:1: Ending Domain Validation
[    1.728381] scsi target2:0:1: asynchronous
[    1.733699] random: systemd-udevd: uninitialized urandom read (16 bytes read)
[    1.734963] random: systemd-udevd: uninitialized urandom read (16 bytes read)
[    1.736205] random: systemd-udevd: uninitialized urandom read (16 bytes read)
[    1.738178] sd 2:0:0:0: Attached scsi generic sg0 type 0
[    1.739310] sd 2:0:0:0: [sda] 83886080 512-byte logical blocks: (42.9 GB/40.0 GiB)
[    1.751076] sd 2:0:0:0: [sda] Write Protect is off
[    1.752659] sd 2:0:1:0: Attached scsi generic sg1 type 0
[    1.754009] sd 2:0:1:0: [sdb] 20480 512-byte logical blocks: (10.5 MB/10.0 MiB)
[    1.755992] sd 2:0:1:0: [sdb] Write Protect is off
[    1.757136] sd 2:0:1:0: [sdb] Incomplete mode parameter data
[    1.758781] sd 2:0:1:0: [sdb] Assuming drive cache: write through
[    1.760236] sd 2:0:0:0: [sda] Incomplete mode parameter data
[    1.761487] sd 2:0:0:0: [sda] Assuming drive cache: write through
[    1.800134]  sda: sda1
[    1.801640] sd 2:0:0:0: [sda] Attached SCSI disk
[    1.833734] sd 2:0:1:0: [sdb] Attached SCSI disk
[    2.138019] e1000 0000:00:03.0 eth0: (PCI:33MHz:32-bit) 02:a0:66:c7:c8:08
[    2.139250] e1000 0000:00:03.0 eth0: Intel(R) PRO/1000 Network Connection
[    2.546462] e1000 0000:00:08.0 eth1: (PCI:33MHz:32-bit) 08:00:27:2b:90:52
[    2.547687] e1000 0000:00:08.0 eth1: Intel(R) PRO/1000 Network Connection
[    2.550012] e1000 0000:00:08.0 enp0s8: renamed from eth1
[    2.552788] e1000 0000:00:03.0 enp0s3: renamed from eth0
Begin: Loading essential drivers ... [    4.088058] raid6: sse2x1   gen() 11930 MB/s
[    4.136430] raid6: sse2x1   xor()  8504 MB/s
[    4.184206] raid6: sse2x2   gen() 12742 MB/s
[    4.232492] raid6: sse2x2   xor()  9505 MB/s
[    4.280055] raid6: sse2x4   gen() 15471 MB/s
[    4.328181] raid6: sse2x4   xor()  7074 MB/s
[    4.376051] raid6: avx2x1   gen() 22038 MB/s
[    4.424262] raid6: avx2x1   xor() 10017 MB/s
[    4.472088] raid6: avx2x2   gen() 27705 MB/s
[    4.520408] raid6: avx2x2   xor() 16732 MB/s
[    4.568238] raid6: avx2x4   gen() 23036 MB/s
[    4.616056] raid6: avx2x4   xor() 19255 MB/s
[    4.616912] raid6: using algorithm avx2x2 gen() 27705 MB/s
[    4.617896] raid6: .... xor() 16732 MB/s, rmw enabled
[    4.618805] raid6: using avx2x2 recovery algorithm
[    4.621221] xor: automatically using best checksumming function   avx       
[    4.623725] async_tx: api initialized (async)
done.
Begin: Running /scripts/init-premount ... done.
Begin: Mounting root file system ... Begin: Running /scripts/local-top ... done.
Begin: Running /scripts/local-premount ... [    4.699954] Btrfs loaded, crc32c=crc32c-intel
Scanning for Btrfs filesystems
done.
Warning: fsck not present, so skipping root file system
[    4.777569] EXT4-fs (sda1): mounted filesystem with ordered data mode. Opts: (null)
done.
Begin: Running /scripts/local-bottom ... done.
Begin: Running /scripts/init-bottom ... done.
[    5.784614] ip_tables: (C) 2000-2006 Netfilter Core Team
[    5.915919] systemd[1]: systemd 237 running in system mode. (+PAM +AUDIT +SELINUX +IMA +APPARMOR +SMACK +SYSVINIT +UTMP +LIBCRYPTSETUP +GCRYPT +GNUTLS +ACL +XZ +LZ4 +SECCOMP +BLKID +ELFUTILS +KMOD -IDN2 +IDN -PCRE2 default-hierarchy=hybrid)
[    5.919833] systemd[1]: Detected virtualization oracle.
[    5.920797] systemd[1]: Detected architecture x86-64.

Welcome to [1mUbuntu 18.04.6 LTS[0m!

[    5.982669] systemd[1]: Set hostname to <cmaster>.
[    6.364896] random: crng init done
[    6.365731] random: 7 urandom warning(s) missed due to ratelimiting
[    7.762025] systemd[1]: Reached target Swap.
[[0;32m  OK  [0m] Reached target Swap.
[    7.764153] systemd[1]: Reached target User and Group Name Lookups.
[[0;32m  OK  [0m] Reached target User and Group Name Lookups.
[    7.766715] systemd[1]: Started Forward Password Requests to Wall Directory Watch.
[[0;32m  OK  [0m] Started Forward Password Requests to Wall Directory Watch.
[    7.769897] systemd[1]: Created slice User and Session Slice.
[[0;32m  OK  [0m] Created slice User and Session Slice.
[    7.772247] systemd[1]: Reached target System Time Synchronized.
[[0;32m  OK  [0m] Reached target System Time Synchronized.
[    7.774831] systemd[1]: Set up automount Arbitrary Executable File Formats File System Automount Point.
[[0;32m  OK  [0m] Set up automount Arbitrary Executabâ€¦rmats File System Automount Point.
[[0;32m  OK  [0m] Created slice System Slice.
[[0;32m  OK  [0m] Listening on /dev/initctl Compatibility Named Pipe.
[[0;32m  OK  [0m] Listening on Journal Socket (/dev/log).
[[0;32m  OK  [0m] Listening on udev Kernel Socket.
[[0;32m  OK  [0m] Listening on LVM2 metadata daemon socket.
[[0;32m  OK  [0m] Listening on fsck to fsckd communication Socket.
[[0;32m  OK  [0m] Listening on Syslog Socket.
[[0;32m  OK  [0m] Reached target Slices.
[[0;32m  OK  [0m] Created slice system-serial\x2dgetty.slice.
[[0;32m  OK  [0m] Listening on Network Service Netlink Socket.
[[0;32m  OK  [0m] Listening on Device-mapper event daemon FIFOs.
[[0;32m  OK  [0m] Listening on udev Control Socket.
[[0;32m  OK  [0m] Listening on Journal Audit Socket.
[[0;32m  OK  [0m] Listening on LVM2 poll daemon socket.
[[0;32m  OK  [0m] Listening on Journal Socket.
         Starting File System Check on Root Device...
         Starting Load Kernel Modules...
         Mounting Huge Pages File System...
         Starting Monitoring of LVM2 mirrorsâ€¦ng dmeventd or progress polling...
         Mounting Kernel Debug File System...
         Starting Set the console keyboard layout...
         Mounting POSIX Message Queue File System...
         Starting udev Coldplug all Devices...
         Starting Create list of required stâ€¦ce nodes for the current kernel...
         Starting Journal Service...
         Starting Uncomplicated firewall...
[    8.098950] Loading iSCSI transport class v2.0-870.
[    8.116868] iscsi: registered transport (tcp)
[[0;32m  OK  [0m] Started Create list of required staâ€¦vice nodes for the current kernel.
[[0;32m  OK  [0m] Started Uncomplicated firewall.
[[0;32m  OK  [0m] Started File System Check Daemon to report status.
         Starting Create Static Device Nodes in /dev...
[[0;32m  OK  [0m] Started udev Coldplug all Devices.
[[0;32m  OK  [0m] Mounted Huge Pages File System.
[[0;32m  OK  [0m] Mounted Kernel Debug File System.
[[0;32m  OK  [0m] Mounted POSIX Message Queue File System.
[    8.326783] iscsi: registered transport (iser)
[[0;32m  OK  [0m] Started Load Kernel Modules.
         Mounting FUSE Control File System...
         Mounting Kernel Configuration File System...
         Starting Apply Kernel Variables...
[[0;32m  OK  [0m] Mounted FUSE Control File System.
[[0;32m  OK  [0m] Mounted Kernel Configuration File System.
[[0;32m  OK  [0m] Started File System Check on Root Device.
         Starting Remount Root and Kernel File Systems...
[[0;32m  OK  [0m] Started Journal Service.
[[0;32m  OK  [0m] Started LVM2 metadata daemon.
[[0;32m  OK  [0m] Started Remount Root and Kernel File Systems.
         Starting Flush Journal to Persistent Storage...
         Starting Load/Save Random Seed...
[[0;32m  OK  [0m] Started Monitoring of LVM2 mirrors,â€¦sing dmeventd or progress polling.
[[0;32m  OK  [0m] Started Create Static Device Nodes in /dev.
[[0;32m  OK  [0m] Started Apply Kernel Variables.
         Starting udev Kernel Device Manager...
[[0;32m  OK  [0m] Started Load/Save Random Seed.
[[0;32m  OK  [0m] Started Set the console keyboard layout.
[[0;32m  OK  [0m] Reached target Local File Systems (Pre).
[[0;32m  OK  [0m] Reached target Local File Systems.
         Starting Set console font and keymap...
         Starting ebtables ruleset management...
         Starting Tell Plymouth To Write Out Runtime Data...
         Starting AppArmor initialization...
[[0;32m  OK  [0m] Started Set console font and keymap.
[[0;32m  OK  [0m] Started Tell Plymouth To Write Out Runtime Data.
[[0;32m  OK  [0m] Started udev Kernel Device Manager.
[[0;32m  OK  [0m] Started Dispatch Password Requests to Console Directory Watch.
[[0;32m  OK  [0m] Reached target Local Encrypted Volumes.
[[0;32m  OK  [0m] Started Flush Journal to Persistent Storage.
         Starting Create Volatile Files and Directories...
[[0;32m  OK  [0m] Started Create Volatile Files and Directories.
         Starting Update UTMP about System Boot/Shutdown...
[[0;32m  OK  [0m] Started Update UTMP about System Boot/Shutdown.
[[0;32m  OK  [0m] Started ebtables ruleset management.
[[0;32m  OK  [0m] Found device /dev/ttyS0.
[[0;32m  OK  [0m] Listening on Load/Save RF Kill Switch Status /dev/rfkill Watch.
[[0;32m  OK  [0m] Started AppArmor initialization.
         Starting Initial cloud-init job (pre-networking)...
         Starting Load AppArmor profiles managed internally by snapd...
[[0;32m  OK  [0m] Started Load AppArmor profiles managed internally by snapd.
[   17.962245] cloud-init[548]: Cloud-init v. 22.2-0ubuntu1~18.04.3 running 'init-local' at Fri, 16 Sep 2022 21:16:47 +0000. Up 17.29 seconds.
[[0;32m  OK  [0m] Started Initial cloud-init job (pre-networking).
[[0;32m  OK  [0m] Reached target Network (Pre).
         Starting Network Service...
[[0;32m  OK  [0m] Started Network Service.
         Starting Wait for Network to be Configured...
         Starting Network Name Resolution...
[[0;32m  OK  [0m] Started Network Name Resolution.
[[0;32m  OK  [0m] Reached target Network.
[[0;32m  OK  [0m] Reached target Host and Network Name Lookups.
[[0;32m  OK  [0m] Started Wait for Network to be Configured.
         Starting Initial cloud-init job (metadata service crawler)...
[   20.860482] cloud-init[669]: Cloud-init v. 22.2-0ubuntu1~18.04.3 running 'init' at Fri, 16 Sep 2022 21:16:50 +0000. Up 20.32 seconds.
[   20.863682] cloud-init[669]: ci-info: ++++++++++++++++++++++++++++++++++++++Net device info+++++++++++++++++++++++++++++++++++++++
[   20.867421] cloud-init[669]: ci-info: +--------+------+-----------------------------+---------------+--------+-------------------+
[   20.868335] cloud-init[669]: ci-info: | Device |  Up  |           Address           |      Mask     | Scope  |     Hw-Address    |
[   20.869667] cloud-init[669]: ci-info: +--------+------+-----------------------------+---------------+--------+-------------------+
[   20.871743] cloud-init[669]: ci-info: | enp0s3 | True |          10.0.2.15          | 255.255.255.0 | global | 02:a0:66:c7:c8:08 |
[   20.875718] cloud-init[669]: ci-info: | enp0s3 | True |  fe80::a0:66ff:fec7:c808/64 |       .       |  link  | 02:a0:66:c7:c8:08 |
[   20.883625] cloud-init[669]: ci-info: | enp0s8 | True |        192.168.56.100       | 255.255.255.0 | global | 08:00:27:2b:90:52 |
[   20.896268] cloud-init[669]: ci-info: | enp0s8 | True | fe80::a00:27ff:fe2b:9052/64 |       .       |  link  | 08:00:27:2b:90:52 |
[   20.910903] cloud-init[669]: ci-info: |   lo   | True |          127.0.0.1          |   255.0.0.0   |  host  |         .         |
[   20.913128] cloud-init[669]: ci-info: |   lo   | True |           ::1/128           |       .       |  host  |         .         |
[   20.924676] cloud-init[669]: ci-info: +--------+------+-----------------------------+---------------+--------+-------------------+
[   20.925477] cloud-init[669]: ci-info: +++++++++++++++++++++++++++++Route IPv4 info+++++++++++++++++++++++++++++
[   20.926675] cloud-init[669]: ci-info: +-------+--------------+----------+-----------------+-----------+-------+
[   20.941865] cloud-init[669]: ci-info: | Route | Destination  | Gateway  |     Genmask     | Interface | Flags |
[   20.946395] cloud-init[669]: ci-info: +-------+--------------+----------+-----------------+-----------+-------+
[   20.952166] cloud-init[669]: ci-info: |   0   |   0.0.0.0    | 10.0.2.2 |     0.0.0.0     |   enp0s3  |   UG  |
[   20.953245] cloud-init[669]: ci-info: |   1   |   10.0.2.0   | 0.0.0.0  |  255.255.255.0  |   enp0s3  |   U   |
[   20.956316] cloud-init[669]: ci-info: |   2   |   10.0.2.2   | 0.0.0.0  | 255.255.255.255 |   enp0s3  |   UH  |
[   20.957426] cloud-init[669]: ci-info: |   3   | 192.168.56.0 | 0.0.0.0  |  255.255.255.0  |   enp0s8  |   U   |
[   20.959147] cloud-init[669]: ci-info: +-------+--------------+----------+-----------------+-----------+-------+
[   20.976191] cloud-init[669]: ci-info: +++++++++++++++++++Route IPv6 info+++++++++++++++++++
[   20.992741] cloud-init[669]: ci-info: +-------+-------------+---------+-----------+-------+
[   20.996420] cloud-init[669]: ci-info: | Route | Destination | Gateway | Interface | Flags |
[   21.000303] cloud-init[669]: ci-info: +-------+-------------+---------+-----------+-------+
[   21.001178] cloud-init[669]: ci-info: |   1   |  fe80::/64  |    ::   |   enp0s8  |   U   |
[   21.002088] cloud-init[669]: ci-info: |   2   |  fe80::/64  |    ::   |   enp0s3  |   U   |
[   21.003030] cloud-init[669]: ci-info: |   4   |    local    |    ::   |   enp0s3  |   U   |
[   21.004141] cloud-init[669]: ci-info: |   5   |    local    |    ::   |   enp0s8  |   U   |
[   21.008797] cloud-init[669]: ci-info: |   6   |   ff00::/8  |    ::   |   enp0s8  |   U   |
[   21.009702] cloud-init[669]: ci-info: |   7   |   ff00::/8  |    ::   |   enp0s3  |   U   |
[   21.011381] cloud-init[669]: ci-info: +-------+-------------+---------+-----------+-------+
[[0;32m  OK  [0m] Started Initial cloud-init job (metadata service crawler).
[[0;32m  OK  [0m] Reached target Cloud-config availability.
[[0;32m  OK  [0m] Reached target Network is Online.
[[0;32m  OK  [0m] Reached target Remote File Systems (Pre).
         Starting Availability of block devices...
         Mounting /vagrant...
[[0;32m  OK  [0m] Reached target System Initialization.
[[0;32m  OK  [0m] Listening on ACPID Listen Socket.
         Starting LXD - unix socket.
[[0;32m  OK  [0m] Started Daily apt download activities.
[[0;32m  OK  [0m] Listening on Open-iSCSI iscsid Socket.
[[0;32m  OK  [0m] Started Message of the Day.
[[0;32m  OK  [0m] Started Daily apt upgrade and clean activities.
[[0;32m  OK  [0m] Listening on cloud-init hotplug hook socket.
[[0;32m  OK  [0m] Started Daily Cleanup of Temporary Directories.
[[0;32m  OK  [0m] Listening on UUID daemon activation socket.
[[0;32m  OK  [0m] Listening on D-Bus System Message Bus Socket.
[[0;32m  OK  [0m] Started Discard unused blocks once a week.
         Starting Socket activation for snappy daemon.
[[0;32m  OK  [0m] Started Ubuntu Advantage Timer for running repeated jobs.
[[0;32m  OK  [0m] Reached target Timers.
[[0;32m  OK  [0m] Started ACPI Events Check.
[[0;32m  OK  [0m] Reached target Paths.
[[0;32m  OK  [0m] Started Availability of block devices.
[[0;32m  OK  [0m] Mounted /vagrant.
[[0;32m  OK  [0m] Listening on LXD - unix socket.
[[0;32m  OK  [0m] Listening on Socket activation for snappy daemon.
[[0;32m  OK  [0m] Reached target Sockets.
[[0;32m  OK  [0m] Reached target Basic System.
         Starting Dispatcher daemon for systemd-networkd...
         Starting LSB: Record successful boot for GRUB...
         Starting Login Service...
[[0;32m  OK  [0m] Started Consul Service Discovery Agent.
         Starting OpenBSD Secure Shell server...
         Starting Virtualbox guest utils...
[[0;32m  OK  [0m] Started Deferred execution scheduler.
[[0;32m  OK  [0m] Started FUSE filesystem for LXC.
         Starting Message of the Day...
[[0;32m  OK  [0m] Started irqbalance daemon.
         Starting System Logging Service...
[[0;32m  OK  [0m] Started Regular background program processing daemon.
[[0;32m  OK  [0m] Started D-Bus System Message Bus.
[[0;32m  OK  [0m] Started Login Service.
[[0;32m  OK  [0m] Started Unattended Upgrades Shutdown.
         Starting Snap Daemon...
         Starting Accounts Service...
         Starting LXD - container startup/shutdown...
[[0;32m  OK  [0m] Reached target Remote File Systems.
         Starting Permit User Sessions...
         Starting LSB: automatic crash report generation...
[[0;32m  OK  [0m] Started System Logging Service.
[[0;32m  OK  [0m] Started Permit User Sessions.
         Starting Terminate Plymouth Boot Screen...
         Starting Hold until boot process finishes up...
[[0;32m  OK  [0m] Started Hold until boot process finishes up.
[[0;32m  OK  [0m] Started Terminate Plymouth Boot Screen.
         Starting Set console scheme...
[[0;32m  OK  [0m] Started Serial Getty on ttyS0.
[[0;32m  OK  [0m] Started OpenBSD Secure Shell server.
[[0;32m  OK  [0m] Started Set console scheme.
[[0;32m  OK  [0m] Created slice system-getty.slice.
[[0;32m  OK  [0m] Started Getty on tty1.
[[0;32m  OK  [0m] Reached target Login Prompts.
[[0;32m  OK  [0m] Started Dispatcher daemon for systemd-networkd.
[[0;32m  OK  [0m] Started LSB: Record successful boot for GRUB.
[[0;32m  OK  [0m] Started LSB: automatic crash report generation.
[[0;32m  OK  [0m] Started Virtualbox guest utils.
         Starting Authorization Manager...
[[0;32m  OK  [0m] Started Authorization Manager.
[[0;32m  OK  [0m] Started Accounts Service.
[[0;32m  OK  [0m] Started Message of the Day.

Ubuntu 18.04.6 LTS cmaster ttyS0

cmaster login: [   35.338745] cloud-init[1248]: Cloud-init v. 22.2-0ubuntu1~18.04.3 running 'modules:config' at Fri, 16 Sep 2022 21:17:05 +0000. Up 35.01 seconds.
[   36.626381] cloud-init[1287]: Cloud-init v. 22.2-0ubuntu1~18.04.3 running 'modules:final' at Fri, 16 Sep 2022 21:17:06 +0000. Up 36.33 seconds.
[   36.627192] cloud-init[1287]: Cloud-init v. 22.2-0ubuntu1~18.04.3 finished at Fri, 16 Sep 2022 21:17:07 +0000. Datasource DataSourceNoCloud [seed=/dev/sdb][dsmode=net].  Up 36.59 seconds
         Stopping udev Kernel Device Manager...
[[0;32m  OK  [0m] Stopped udev Kernel Device Manager.
         Starting udev Kernel Device Manager...
[[0;32m  OK  [0m] Started udev Kernel Device Manager.
[[0;32m  OK  [0m] Stopped Wait for Network to be Configured.
         Stopping Wait for Network to be Configured...
         Stopping Network Service...
[[0;32m  OK  [0m] Stopped Network Service.
         Starting Network Service...
[[0;32m  OK  [0m] Started Network Service.
         Starting Wait for Network to be Configured...
         Stopping Network Name Resolution...
[[0;32m  OK  [0m] Stopped Network Name Resolution.
         Starting Network Name Resolution...
[[0;32m  OK  [0m] Started Wait for Network to be Configured.
[[0;32m  OK  [0m] Started Network Name Resolution.
[[0;32m  OK  [0m] Stopped Flush Journal to Persistent Storage.
         Stopping Flush Journal to Persistent Storage...
         Stopping Journal Service...
[[0;32m  OK  [0m] Stopped Journal Service.
         Starting Journal Service...
[[0;32m  OK  [0m] Started Journal Service.
         Starting Flush Journal to Persistent Storage...
[[0;32m  OK  [0m] Started Flush Journal to Persistent Storage.
[[0;32m  OK  [0m] Started Daily apt upgrade and clean activities.
